  Determining projects to restore...
  All projects are up-to-date for restore.
  Platform.Data -> C:\Users\Moi\Desktop\Platform\Platform.Data\bin\Debug\net9.0\Platform.Data.dll
C:\Users\Moi\Desktop\Platform\Platform.Blazor\Pages\Hierarchies\Components\HierarchyChart.razor(135,9): error CS1519: Invalid token 'return' in a member declaration [C:\Users\Moi\Desktop\Platform\Platform.Blazor\Platform.Blazor.csproj]
C:\Users\Moi\Desktop\Platform\Platform.Blazor\Services\TimeAttendance\TimeAttendanceService.cs(23,20): warning CS8603: Possible null reference return. [C:\Users\Moi\Desktop\Platform\Platform.Blazor\Platform.Blazor.csproj]
C:\Users\Moi\Desktop\Platform\Platform.Blazor\Services\Announcements\AnnouncementsService.cs(20,20): warning CS8603: Possible null reference return. [C:\Users\Moi\Desktop\Platform\Platform.Blazor\Platform.Blazor.csproj]
C:\Users\Moi\Desktop\Platform\Platform.Blazor\Services\TimeAttendance\TimeAttendanceService.cs(30,20): warning CS8603: Possible null reference return. [C:\Users\Moi\Desktop\Platform\Platform.Blazor\Platform.Blazor.csproj]
C:\Users\Moi\Desktop\Platform\Platform.Blazor\Services\Announcements\AnnouncementsService.cs(25,20): warning CS8603: Possible null reference return. [C:\Users\Moi\Desktop\Platform\Platform.Blazor\Platform.Blazor.csproj]
C:\Users\Moi\Desktop\Platform\Platform.Blazor\Services\TimeAttendance\TimeAttendanceService.cs(35,20): warning CS8603: Possible null reference return. [C:\Users\Moi\Desktop\Platform\Platform.Blazor\Platform.Blazor.csproj]
C:\Users\Moi\Desktop\Platform\Platform.Blazor\Services\Announcements\AnnouncementsService.cs(32,20): warning CS8603: Possible null reference return. [C:\Users\Moi\Desktop\Platform\Platform.Blazor\Platform.Blazor.csproj]
C:\Users\Moi\Desktop\Platform\Platform.Blazor\Services\Events\EventsService.cs(23,20): warning CS8603: Possible null reference return. [C:\Users\Moi\Desktop\Platform\Platform.Blazor\Platform.Blazor.csproj]
C:\Users\Moi\Desktop\Platform\Platform.Blazor\Services\TimeAttendance\TimeAttendanceService.cs(45,20): warning CS8603: Possible null reference return. [C:\Users\Moi\Desktop\Platform\Platform.Blazor\Platform.Blazor.csproj]
C:\Users\Moi\Desktop\Platform\Platform.Blazor\Services\Hierarchies\HierarchiesService.cs(21,20): warning CS8603: Possible null reference return. [C:\Users\Moi\Desktop\Platform\Platform.Blazor\Platform.Blazor.csproj]
C:\Users\Moi\Desktop\Platform\Platform.Blazor\Services\Assets\AssetsService.cs(31,20): warning CS8603: Possible null reference return. [C:\Users\Moi\Desktop\Platform\Platform.Blazor\Platform.Blazor.csproj]
C:\Users\Moi\Desktop\Platform\Platform.Blazor\Services\LayoutService.cs(8,29): warning CS8618: Non-nullable event 'OnMajorUpdate' must contain a non-null value when exiting constructor. Consider adding the 'required' modifier or declaring the event as nullable. [C:\Users\Moi\Desktop\Platform\Platform.Blazor\Platform.Blazor.csproj]
C:\Users\Moi\Desktop\Platform\Platform.Blazor\Services\Polls\PollsService.cs(20,20): warning CS8603: Possible null reference return. [C:\Users\Moi\Desktop\Platform\Platform.Blazor\Platform.Blazor.csproj]
C:\Users\Moi\Desktop\Platform\Platform.Blazor\Services\Events\EventsService.cs(28,20): warning CS8603: Possible null reference return. [C:\Users\Moi\Desktop\Platform\Platform.Blazor\Platform.Blazor.csproj]
C:\Users\Moi\Desktop\Platform\Platform.Blazor\Services\Hierarchies\HierarchiesService.cs(26,20): warning CS8603: Possible null reference return. [C:\Users\Moi\Desktop\Platform\Platform.Blazor\Platform.Blazor.csproj]
C:\Users\Moi\Desktop\Platform\Platform.Blazor\Services\Polls\PollsService.cs(25,20): warning CS8603: Possible null reference return. [C:\Users\Moi\Desktop\Platform\Platform.Blazor\Platform.Blazor.csproj]
C:\Users\Moi\Desktop\Platform\Platform.Blazor\Services\Auth\ApplicationUsersService.cs(31,20): warning CS8603: Possible null reference return. [C:\Users\Moi\Desktop\Platform\Platform.Blazor\Platform.Blazor.csproj]
C:\Users\Moi\Desktop\Platform\Platform.Blazor\Services\Employees\EmployeesService.cs(25,38): warning CS1998: This async method lacks 'await' operators and will run synchronously. Consider using the 'await' operator to await non-blocking API calls, or 'await Task.Run(...)' to do CPU-bound work on a background thread. [C:\Users\Moi\Desktop\Platform\Platform.Blazor\Platform.Blazor.csproj]
C:\Users\Moi\Desktop\Platform\Platform.Blazor\Services\Polls\PollsService.cs(30,20): warning CS8603: Possible null reference return. [C:\Users\Moi\Desktop\Platform\Platform.Blazor\Platform.Blazor.csproj]
C:\Users\Moi\Desktop\Platform\Platform.Blazor\Services\Events\EventsService.cs(35,20): warning CS8603: Possible null reference return. [C:\Users\Moi\Desktop\Platform\Platform.Blazor\Platform.Blazor.csproj]
C:\Users\Moi\Desktop\Platform\Platform.Blazor\Services\Hierarchies\HierarchiesService.cs(33,20): warning CS8603: Possible null reference return. [C:\Users\Moi\Desktop\Platform\Platform.Blazor\Platform.Blazor.csproj]
C:\Users\Moi\Desktop\Platform\Platform.Blazor\Services\Documents\DocumentsService.cs(33,20): warning CS8603: Possible null reference return. [C:\Users\Moi\Desktop\Platform\Platform.Blazor\Platform.Blazor.csproj]
C:\Users\Moi\Desktop\Platform\Platform.Blazor\Services\Polls\PollsService.cs(37,20): warning CS8603: Possible null reference return. [C:\Users\Moi\Desktop\Platform\Platform.Blazor\Platform.Blazor.csproj]
C:\Users\Moi\Desktop\Platform\Platform.Blazor\Services\Employees\EmployeesService.cs(53,20): warning CS8603: Possible null reference return. [C:\Users\Moi\Desktop\Platform\Platform.Blazor\Platform.Blazor.csproj]
C:\Users\Moi\Desktop\Platform\Platform.Blazor\Services\Polls\PollsService.cs(56,20): warning CS8603: Possible null reference return. [C:\Users\Moi\Desktop\Platform\Platform.Blazor\Platform.Blazor.csproj]
C:\Users\Moi\Desktop\Platform\Platform.Blazor\Services\Events\EventsService.cs(54,20): warning CS8603: Possible null reference return. [C:\Users\Moi\Desktop\Platform\Platform.Blazor\Platform.Blazor.csproj]
C:\Users\Moi\Desktop\Platform\Platform.Blazor\Services\Hierarchies\HierarchiesService.cs(51,20): warning CS8603: Possible null reference return. [C:\Users\Moi\Desktop\Platform\Platform.Blazor\Platform.Blazor.csproj]
C:\Users\Moi\Desktop\Platform\Platform.Blazor\Services\Polls\PollsService.cs(61,20): warning CS8603: Possible null reference return. [C:\Users\Moi\Desktop\Platform\Platform.Blazor\Platform.Blazor.csproj]
C:\Users\Moi\Desktop\Platform\Platform.Blazor\Services\Events\EventsService.cs(62,20): warning CS8603: Possible null reference return. [C:\Users\Moi\Desktop\Platform\Platform.Blazor\Platform.Blazor.csproj]
C:\Users\Moi\Desktop\Platform\Platform.Blazor\Services\Hierarchies\HierarchiesService.cs(56,20): warning CS8603: Possible null reference return. [C:\Users\Moi\Desktop\Platform\Platform.Blazor\Platform.Blazor.csproj]
C:\Users\Moi\Desktop\Platform\Platform.Blazor\Services\Events\EventsService.cs(67,20): warning CS8603: Possible null reference return. [C:\Users\Moi\Desktop\Platform\Platform.Blazor\Platform.Blazor.csproj]
C:\Users\Moi\Desktop\Platform\Platform.Blazor\Services\Lookups\LookupsService.cs(21,20): warning CS8603: Possible null reference return. [C:\Users\Moi\Desktop\Platform\Platform.Blazor\Platform.Blazor.csproj]
C:\Users\Moi\Desktop\Platform\Platform.Blazor\Services\Hierarchies\HierarchiesService.cs(63,20): warning CS8603: Possible null reference return. [C:\Users\Moi\Desktop\Platform\Platform.Blazor\Platform.Blazor.csproj]
C:\Users\Moi\Desktop\Platform\Platform.Blazor\Services\Lookups\LookupsService.cs(28,20): warning CS8603: Possible null reference return. [C:\Users\Moi\Desktop\Platform\Platform.Blazor\Platform.Blazor.csproj]
C:\Users\Moi\Desktop\Platform\Platform.Blazor\Services\Events\EventsService.cs(74,20): warning CS8603: Possible null reference return. [C:\Users\Moi\Desktop\Platform\Platform.Blazor\Platform.Blazor.csproj]
C:\Users\Moi\Desktop\Platform\Platform.Blazor\Pages\Announcements\Components\AnnouncementDialog.razor(19,44): warning CS8618: Non-nullable property 'MudDialog' must contain a non-null value when exiting constructor. Consider adding the 'required' modifier or declaring the property as nullable. [C:\Users\Moi\Desktop\Platform\Platform.Blazor\Platform.Blazor.csproj]
C:\Users\Moi\Desktop\Platform\Platform.Blazor\Services\Lookups\LookupsService.cs(46,20): warning CS8603: Possible null reference return. [C:\Users\Moi\Desktop\Platform\Platform.Blazor\Platform.Blazor.csproj]
C:\Users\Moi\Desktop\Platform\Platform.Blazor\Services\Lookups\LookupsService.cs(53,20): warning CS8603: Possible null reference return. [C:\Users\Moi\Desktop\Platform\Platform.Blazor\Platform.Blazor.csproj]
C:\Users\Moi\Desktop\Platform\Platform.Blazor\Services\Lookups\LookupsService.cs(71,20): warning CS8603: Possible null reference return. [C:\Users\Moi\Desktop\Platform\Platform.Blazor\Platform.Blazor.csproj]
C:\Users\Moi\Desktop\Platform\Platform.Blazor\Services\Lookups\LookupsService.cs(78,20): warning CS8603: Possible null reference return. [C:\Users\Moi\Desktop\Platform\Platform.Blazor\Platform.Blazor.csproj]
C:\Users\Moi\Desktop\Platform\Platform.Blazor\Pages\Dashboard.razor(62,32): warning CS8618: Non-nullable field '_announcements' must contain a non-null value when exiting constructor. Consider adding the 'required' modifier or declaring the field as nullable. [C:\Users\Moi\Desktop\Platform\Platform.Blazor\Platform.Blazor.csproj]
C:\Users\Moi\Desktop\Platform\Platform.Blazor\Pages\Polls\Dialogs\PollResultsDialog.razor(20,37): warning CS8602: Dereference of a possibly null reference. [C:\Users\Moi\Desktop\Platform\Platform.Blazor\Platform.Blazor.csproj]
C:\Users\Moi\Desktop\Platform\Platform.Blazor\Pages\Announcements\Announcements.razor(74,14): warning CS8602: Dereference of a possibly null reference. [C:\Users\Moi\Desktop\Platform\Platform.Blazor\Platform.Blazor.csproj]
C:\Users\Moi\Desktop\Platform\Platform.Blazor\Pages\Announcements\Announcements.razor(87,14): warning CS8602: Dereference of a possibly null reference. [C:\Users\Moi\Desktop\Platform\Platform.Blazor\Platform.Blazor.csproj]
C:\Users\Moi\Desktop\Platform\Platform.Blazor\Pages\Announcements\Announcements.razor(60,36): warning CS8618: Non-nullable field '_table' must contain a non-null value when exiting constructor. Consider adding the 'required' modifier or declaring the field as nullable. [C:\Users\Moi\Desktop\Platform\Platform.Blazor\Platform.Blazor.csproj]
C:\Users\Moi\Desktop\Platform\Platform.Blazor\Pages\Polls\EmployeeVote.razor(47,57): warning CS8602: Dereference of a possibly null reference. [C:\Users\Moi\Desktop\Platform\Platform.Blazor\Platform.Blazor.csproj]
C:\Users\Moi\Desktop\Platform\Platform.Blazor\Pages\Leaves\LeaveApprovals.razor(37,25): warning CS8618: Non-nullable field 'PendingLeaves' must contain a non-null value when exiting constructor. Consider adding the 'required' modifier or declaring the field as nullable. [C:\Users\Moi\Desktop\Platform\Platform.Blazor\Platform.Blazor.csproj]
C:\Users\Moi\Desktop\Platform\Platform.Blazor\Pages\Hierarchies\Components\HierarchyChart.razor(101,30): error CS0103: The name 'GetNodeClass' does not exist in the current context [C:\Users\Moi\Desktop\Platform\Platform.Blazor\Platform.Blazor.csproj]
C:\Users\Moi\Desktop\Platform\Platform.Blazor\Pages\Hierarchies\Components\HierarchyChart.razor(102,42): error CS0103: The name 'GetLevelColorImpl' does not exist in the current context [C:\Users\Moi\Desktop\Platform\Platform.Blazor\Platform.Blazor.csproj]
C:\Users\Moi\Desktop\Platform\Platform.Blazor\Pages\Hierarchies\Components\HierarchyLevelDialog.razor(42,65): warning CS8629: Nullable value type may be null. [C:\Users\Moi\Desktop\Platform\Platform.Blazor\Platform.Blazor.csproj]
C:\Users\Moi\Desktop\Platform\Platform.Blazor\Pages\Hierarchies\Components\HierarchyDialog.razor(63,77): warning CS8629: Nullable value type may be null. [C:\Users\Moi\Desktop\Platform\Platform.Blazor\Platform.Blazor.csproj]
C:\Users\Moi\Desktop\Platform\Platform.Blazor\Pages\Leaves\MyLeaves.razor(83,32): warning CS8618: Non-nullable field 'Balances' must contain a non-null value when exiting constructor. Consider adding the 'required' modifier or declaring the field as nullable. [C:\Users\Moi\Desktop\Platform\Platform.Blazor\Platform.Blazor.csproj]
C:\Users\Moi\Desktop\Platform\Platform.Blazor\Pages\Leaves\MyLeaves.razor(84,25): warning CS8618: Non-nullable field 'MyLeavesList' must contain a non-null value when exiting constructor. Consider adding the 'required' modifier or declaring the field as nullable. [C:\Users\Moi\Desktop\Platform\Platform.Blazor\Platform.Blazor.csproj]
C:\Users\Moi\Desktop\Platform\Platform.Blazor\Pages\Leaves\LeaveRequestDialog.razor(55,24): warning CS8625: Cannot convert null literal to non-nullable reference type. [C:\Users\Moi\Desktop\Platform\Platform.Blazor\Platform.Blazor.csproj]
C:\Users\Moi\Desktop\Platform\Platform.Blazor\Pages\Leaves\LeaveRequestDialog.razor(43,20): warning CS8618: Non-nullable field 'ErrorMessage' must contain a non-null value when exiting constructor. Consider adding the 'required' modifier or declaring the field as nullable. [C:\Users\Moi\Desktop\Platform\Platform.Blazor\Platform.Blazor.csproj]
C:\Users\Moi\Desktop\Platform\Platform.Blazor\Pages\Hierarchies\Components\HierarchyLevelDialog.razor(31,21): warning CS8618: Non-nullable field '_form' must contain a non-null value when exiting constructor. Consider adding the 'required' modifier or declaring the field as nullable. [C:\Users\Moi\Desktop\Platform\Platform.Blazor\Platform.Blazor.csproj]
C:\Users\Moi\Desktop\Platform\Platform.Blazor\Pages\Polls\EmployeeVote.razor(167,30): warning CS8629: Nullable value type may be null. [C:\Users\Moi\Desktop\Platform\Platform.Blazor\Platform.Blazor.csproj]
C:\Users\Moi\Desktop\Platform\Platform.Blazor\Pages\Hierarchies\Components\HierarchyDialog.razor(51,21): warning CS8618: Non-nullable field '_form' must contain a non-null value when exiting constructor. Consider adding the 'required' modifier or declaring the field as nullable. [C:\Users\Moi\Desktop\Platform\Platform.Blazor\Platform.Blazor.csproj]
C:\Users\Moi\Desktop\Platform\Platform.Blazor\Pages\HR\Employees\Employees.razor(75,13): warning CS0472: The result of the expression is always 'true' since a value of type 'int' is never equal to 'null' of type 'int?' [C:\Users\Moi\Desktop\Platform\Platform.Blazor\Platform.Blazor.csproj]
C:\Users\Moi\Desktop\Platform\Platform.Blazor\Pages\Polls\Dialogs\PollResultsDialog.razor(48,18): warning CS8618: Non-nullable field '_poll' must contain a non-null value when exiting constructor. Consider adding the 'required' modifier or declaring the field as nullable. [C:\Users\Moi\Desktop\Platform\Platform.Blazor\Platform.Blazor.csproj]
C:\Users\Moi\Desktop\Platform\Platform.Blazor\Pages\HR\Assets\Components\AssetDialog.razor(66,21): warning CS8618: Non-nullable field '_form' must contain a non-null value when exiting constructor. Consider adding the 'required' modifier or declaring the field as nullable. [C:\Users\Moi\Desktop\Platform\Platform.Blazor\Platform.Blazor.csproj]
C:\Users\Moi\Desktop\Platform\Platform.Blazor\Pages\Events\EventTypes.razor(67,21): warning CS8618: Non-nullable field '_form' must contain a non-null value when exiting constructor. Consider adding the 'required' modifier or declaring the field as nullable. [C:\Users\Moi\Desktop\Platform\Platform.Blazor\Platform.Blazor.csproj]
C:\Users\Moi\Desktop\Platform\Platform.Blazor\Pages\Polls\Dialogs\PollDialog.razor(57,65): warning CS8629: Nullable value type may be null. [C:\Users\Moi\Desktop\Platform\Platform.Blazor\Platform.Blazor.csproj]
C:\Users\Moi\Desktop\Platform\Platform.Blazor\Pages\Polls\Dialogs\PollDialog.razor(102,9): warning CS8602: Dereference of a possibly null reference. [C:\Users\Moi\Desktop\Platform\Platform.Blazor\Platform.Blazor.csproj]
C:\Users\Moi\Desktop\Platform\Platform.Blazor\Pages\Events\EventDialog.razor(54,44): warning CS8618: Non-nullable property 'MudDialog' must contain a non-null value when exiting constructor. Consider adding the 'required' modifier or declaring the property as nullable. [C:\Users\Moi\Desktop\Platform\Platform.Blazor\Platform.Blazor.csproj]
C:\Users\Moi\Desktop\Platform\Platform.Blazor\Pages\Events\EventDialog.razor(58,31): warning CS8618: Non-nullable property 'Title' must contain a non-null value when exiting constructor. Consider adding the 'required' modifier or declaring the property as nullable. [C:\Users\Moi\Desktop\Platform\Platform.Blazor\Platform.Blazor.csproj]
C:\Users\Moi\Desktop\Platform\Platform.Blazor\Pages\Events\EventDialog.razor(60,21): warning CS8618: Non-nullable field '_form' must contain a non-null value when exiting constructor. Consider adding the 'required' modifier or declaring the field as nullable. [C:\Users\Moi\Desktop\Platform\Platform.Blazor\Platform.Blazor.csproj]
C:\Users\Moi\Desktop\Platform\Platform.Blazor\Pages\Events\EventDialog.razor(62,23): warning CS8618: Non-nullable field '_dateRange' must contain a non-null value when exiting constructor. Consider adding the 'required' modifier or declaring the field as nullable. [C:\Users\Moi\Desktop\Platform\Platform.Blazor\Platform.Blazor.csproj]
C:\Users\Moi\Desktop\Platform\Platform.Blazor\Pages\Polls\Dialogs\PollDialog.razor(48,21): warning CS8618: Non-nullable field '_form' must contain a non-null value when exiting constructor. Consider adding the 'required' modifier or declaring the field as nullable. [C:\Users\Moi\Desktop\Platform\Platform.Blazor\Platform.Blazor.csproj]
C:\Users\Moi\Desktop\Platform\Platform.Blazor\Pages\HR\Documents\Components\DocumentDialog.razor(57,21): warning CS8618: Non-nullable field '_form' must contain a non-null value when exiting constructor. Consider adding the 'required' modifier or declaring the field as nullable. [C:\Users\Moi\Desktop\Platform\Platform.Blazor\Platform.Blazor.csproj]
C:\Users\Moi\Desktop\Platform\Platform.Blazor\Pages\Events\EventCalendar.razor(202,15): warning CS8602: Dereference of a possibly null reference. [C:\Users\Moi\Desktop\Platform\Platform.Blazor\Platform.Blazor.csproj]
C:\Users\Moi\Desktop\Platform\Platform.Blazor\Pages\Leaves\LeaveConfiguration.razor(97,20): warning CS8618: Non-nullable field 'NewTypeName' must contain a non-null value when exiting constructor. Consider adding the 'required' modifier or declaring the field as nullable. [C:\Users\Moi\Desktop\Platform\Platform.Blazor\Platform.Blazor.csproj]
C:\Users\Moi\Desktop\Platform\Platform.Blazor\Pages\Leaves\LeaveConfiguration.razor(99,20): warning CS8618: Non-nullable field 'NewStatusName' must contain a non-null value when exiting constructor. Consider adding the 'required' modifier or declaring the field as nullable. [C:\Users\Moi\Desktop\Platform\Platform.Blazor\Platform.Blazor.csproj]
C:\Users\Moi\Desktop\Platform\Platform.Blazor\Pages\Leaves\LeaveConfiguration.razor(102,23): warning CS8618: Non-nullable field '_typeBeforeEdit' must contain a non-null value when exiting constructor. Consider adding the 'required' modifier or declaring the field as nullable. [C:\Users\Moi\Desktop\Platform\Platform.Blazor\Platform.Blazor.csproj]
C:\Users\Moi\Desktop\Platform\Platform.Blazor\Pages\Leaves\LeaveConfiguration.razor(103,25): warning CS8618: Non-nullable field '_statusBeforeEdit' must contain a non-null value when exiting constructor. Consider adding the 'required' modifier or declaring the field as nullable. [C:\Users\Moi\Desktop\Platform\Platform.Blazor\Platform.Blazor.csproj]
C:\Users\Moi\Desktop\Platform\Platform.Blazor\Pages\Hierarchies\Hierarchies.razor(71,90): warning CS8602: Dereference of a possibly null reference. [C:\Users\Moi\Desktop\Platform\Platform.Blazor\Platform.Blazor.csproj]
C:\Users\Moi\Desktop\Platform\Platform.Blazor\Pages\HR\Employees\Components\EmployeeDialog.razor(72,21): warning CS8618: Non-nullable field '_form' must contain a non-null value when exiting constructor. Consider adding the 'required' modifier or declaring the field as nullable. [C:\Users\Moi\Desktop\Platform\Platform.Blazor\Platform.Blazor.csproj]
C:\Users\Moi\Desktop\Platform\Platform.Blazor\Pages\HR\Employees\Components\EmployeeDialog.razor(207,26): warning CS8618: Non-nullable property 'Type' must contain a non-null value when exiting constructor. Consider adding the 'required' modifier or declaring the property as nullable. [C:\Users\Moi\Desktop\Platform\Platform.Blazor\Platform.Blazor.csproj]
C:\Users\Moi\Desktop\Platform\Platform.Blazor\Pages\Hierarchies\Hierarchies.razor(372,9): warning CS4014: Because this call is not awaited, execution of the current method continues before the call is completed. Consider applying the 'await' operator to the result of the call. [C:\Users\Moi\Desktop\Platform\Platform.Blazor\Platform.Blazor.csproj]
C:\Users\Moi\Desktop\Platform\Platform.Blazor\Pages\Announcements\Components\AnnouncementDialog.razor(1,1): warning MUD0001: Illegal Parameter 'Checked' on 'MudCheckBox' using 'V7IgnoreCase' source location '(201,16)-(209,17)' (https://mudblazor.com/features/analyzers) [C:\Users\Moi\Desktop\Platform\Platform.Blazor\Platform.Blazor.csproj]
C:\Users\Moi\Desktop\Platform\Platform.Blazor\Pages\Announcements\Components\AnnouncementDialog.razor(1,1): warning MUD0002: Illegal Attribute 'CheckedChanged' on 'MudCheckBox' using pattern 'LowerCase' source location '(210,16)-(210,244)' (https://mudblazor.com/features/analyzers) [C:\Users\Moi\Desktop\Platform\Platform.Blazor\Platform.Blazor.csproj]
C:\Users\Moi\Desktop\Platform\Platform.Blazor\Pages\Hierarchies\Components\HierarchyChart.razor(1,1): warning MUD0002: Illegal Attribute 'Title' on 'MudIconButton' using pattern 'LowerCase' source location '(488,8)-(488,65)' (https://mudblazor.com/features/analyzers) [C:\Users\Moi\Desktop\Platform\Platform.Blazor\Platform.Blazor.csproj]
C:\Users\Moi\Desktop\Platform\Platform.Blazor\Pages\Hierarchies\Components\HierarchyChart.razor(1,1): warning MUD0002: Illegal Attribute 'Title' on 'MudIconButton' using pattern 'LowerCase' source location '(577,8)-(577,60)' (https://mudblazor.com/features/analyzers) [C:\Users\Moi\Desktop\Platform\Platform.Blazor\Platform.Blazor.csproj]
C:\Users\Moi\Desktop\Platform\Platform.Blazor\Pages\Hierarchies\Components\HierarchyChart.razor(1,1): warning MUD0002: Illegal Attribute 'Title' on 'MudIconButton' using pattern 'LowerCase' source location '(666,8)-(666,62)' (https://mudblazor.com/features/analyzers) [C:\Users\Moi\Desktop\Platform\Platform.Blazor\Platform.Blazor.csproj]
C:\Users\Moi\Desktop\Platform\Platform.Blazor\Pages\Polls\PollsManagement.razor(1,1): warning MUD0002: Illegal Attribute 'Title' on 'MudIconButton' using pattern 'LowerCase' source location '(842,20)-(850,21)' (https://mudblazor.com/features/analyzers) [C:\Users\Moi\Desktop\Platform\Platform.Blazor\Platform.Blazor.csproj]
C:\Users\Moi\Desktop\Platform\Platform.Blazor\Layout\MainLayout.razor(1,1): warning MUD0002: Illegal Attribute 'Edge' on 'MudMenu' using pattern 'LowerCase' source location '(597,20)-(597,76)' (https://mudblazor.com/features/analyzers) [C:\Users\Moi\Desktop\Platform\Platform.Blazor\Platform.Blazor.csproj]
C:\Users\Moi\Desktop\Platform\Platform.Blazor\Pages\Hierarchies\Hierarchies.razor(1,1): warning MUD0002: Illegal Attribute 'Title' on 'MudIconButton' using pattern 'LowerCase' source location '(635,20)-(635,74)' (https://mudblazor.com/features/analyzers) [C:\Users\Moi\Desktop\Platform\Platform.Blazor\Platform.Blazor.csproj]
C:\Users\Moi\Desktop\Platform\Platform.Blazor\Pages\Hierarchies\Hierarchies.razor(1,1): warning MUD0002: Illegal Attribute 'Title' on 'MudIconButton' using pattern 'LowerCase' source location '(548,20)-(556,21)' (https://mudblazor.com/features/analyzers) [C:\Users\Moi\Desktop\Platform\Platform.Blazor\Platform.Blazor.csproj]
C:\Users\Moi\Desktop\Platform\Platform.Blazor\Pages\Hierarchies\Hierarchies.razor(1,1): warning MUD0002: Illegal Attribute 'Title' on 'MudIconButton' using pattern 'LowerCase' source location '(1031,20)-(1039,21)' (https://mudblazor.com/features/analyzers) [C:\Users\Moi\Desktop\Platform\Platform.Blazor\Platform.Blazor.csproj]
C:\Users\Moi\Desktop\Platform\Platform.Blazor\Pages\Hierarchies\Hierarchies.razor(1,1): warning MUD0002: Illegal Attribute 'Title' on 'MudIconButton' using pattern 'LowerCase' source location '(1111,20)-(1119,21)' (https://mudblazor.com/features/analyzers) [C:\Users\Moi\Desktop\Platform\Platform.Blazor\Platform.Blazor.csproj]

Build FAILED.

C:\Users\Moi\Desktop\Platform\Platform.Blazor\Services\TimeAttendance\TimeAttendanceService.cs(23,20): warning CS8603: Possible null reference return. [C:\Users\Moi\Desktop\Platform\Platform.Blazor\Platform.Blazor.csproj]
C:\Users\Moi\Desktop\Platform\Platform.Blazor\Services\Announcements\AnnouncementsService.cs(20,20): warning CS8603: Possible null reference return. [C:\Users\Moi\Desktop\Platform\Platform.Blazor\Platform.Blazor.csproj]
C:\Users\Moi\Desktop\Platform\Platform.Blazor\Services\TimeAttendance\TimeAttendanceService.cs(30,20): warning CS8603: Possible null reference return. [C:\Users\Moi\Desktop\Platform\Platform.Blazor\Platform.Blazor.csproj]
C:\Users\Moi\Desktop\Platform\Platform.Blazor\Services\Announcements\AnnouncementsService.cs(25,20): warning CS8603: Possible null reference return. [C:\Users\Moi\Desktop\Platform\Platform.Blazor\Platform.Blazor.csproj]
C:\Users\Moi\Desktop\Platform\Platform.Blazor\Services\TimeAttendance\TimeAttendanceService.cs(35,20): warning CS8603: Possible null reference return. [C:\Users\Moi\Desktop\Platform\Platform.Blazor\Platform.Blazor.csproj]
C:\Users\Moi\Desktop\Platform\Platform.Blazor\Services\Announcements\AnnouncementsService.cs(32,20): warning CS8603: Possible null reference return. [C:\Users\Moi\Desktop\Platform\Platform.Blazor\Platform.Blazor.csproj]
C:\Users\Moi\Desktop\Platform\Platform.Blazor\Services\Events\EventsService.cs(23,20): warning CS8603: Possible null reference return. [C:\Users\Moi\Desktop\Platform\Platform.Blazor\Platform.Blazor.csproj]
C:\Users\Moi\Desktop\Platform\Platform.Blazor\Services\TimeAttendance\TimeAttendanceService.cs(45,20): warning CS8603: Possible null reference return. [C:\Users\Moi\Desktop\Platform\Platform.Blazor\Platform.Blazor.csproj]
C:\Users\Moi\Desktop\Platform\Platform.Blazor\Services\Hierarchies\HierarchiesService.cs(21,20): warning CS8603: Possible null reference return. [C:\Users\Moi\Desktop\Platform\Platform.Blazor\Platform.Blazor.csproj]
C:\Users\Moi\Desktop\Platform\Platform.Blazor\Services\Assets\AssetsService.cs(31,20): warning CS8603: Possible null reference return. [C:\Users\Moi\Desktop\Platform\Platform.Blazor\Platform.Blazor.csproj]
C:\Users\Moi\Desktop\Platform\Platform.Blazor\Services\LayoutService.cs(8,29): warning CS8618: Non-nullable event 'OnMajorUpdate' must contain a non-null value when exiting constructor. Consider adding the 'required' modifier or declaring the event as nullable. [C:\Users\Moi\Desktop\Platform\Platform.Blazor\Platform.Blazor.csproj]
C:\Users\Moi\Desktop\Platform\Platform.Blazor\Services\Polls\PollsService.cs(20,20): warning CS8603: Possible null reference return. [C:\Users\Moi\Desktop\Platform\Platform.Blazor\Platform.Blazor.csproj]
C:\Users\Moi\Desktop\Platform\Platform.Blazor\Services\Events\EventsService.cs(28,20): warning CS8603: Possible null reference return. [C:\Users\Moi\Desktop\Platform\Platform.Blazor\Platform.Blazor.csproj]
C:\Users\Moi\Desktop\Platform\Platform.Blazor\Services\Hierarchies\HierarchiesService.cs(26,20): warning CS8603: Possible null reference return. [C:\Users\Moi\Desktop\Platform\Platform.Blazor\Platform.Blazor.csproj]
C:\Users\Moi\Desktop\Platform\Platform.Blazor\Services\Polls\PollsService.cs(25,20): warning CS8603: Possible null reference return. [C:\Users\Moi\Desktop\Platform\Platform.Blazor\Platform.Blazor.csproj]
C:\Users\Moi\Desktop\Platform\Platform.Blazor\Services\Auth\ApplicationUsersService.cs(31,20): warning CS8603: Possible null reference return. [C:\Users\Moi\Desktop\Platform\Platform.Blazor\Platform.Blazor.csproj]
C:\Users\Moi\Desktop\Platform\Platform.Blazor\Services\Employees\EmployeesService.cs(25,38): warning CS1998: This async method lacks 'await' operators and will run synchronously. Consider using the 'await' operator to await non-blocking API calls, or 'await Task.Run(...)' to do CPU-bound work on a background thread. [C:\Users\Moi\Desktop\Platform\Platform.Blazor\Platform.Blazor.csproj]
C:\Users\Moi\Desktop\Platform\Platform.Blazor\Services\Polls\PollsService.cs(30,20): warning CS8603: Possible null reference return. [C:\Users\Moi\Desktop\Platform\Platform.Blazor\Platform.Blazor.csproj]
C:\Users\Moi\Desktop\Platform\Platform.Blazor\Services\Events\EventsService.cs(35,20): warning CS8603: Possible null reference return. [C:\Users\Moi\Desktop\Platform\Platform.Blazor\Platform.Blazor.csproj]
C:\Users\Moi\Desktop\Platform\Platform.Blazor\Services\Hierarchies\HierarchiesService.cs(33,20): warning CS8603: Possible null reference return. [C:\Users\Moi\Desktop\Platform\Platform.Blazor\Platform.Blazor.csproj]
C:\Users\Moi\Desktop\Platform\Platform.Blazor\Services\Documents\DocumentsService.cs(33,20): warning CS8603: Possible null reference return. [C:\Users\Moi\Desktop\Platform\Platform.Blazor\Platform.Blazor.csproj]
C:\Users\Moi\Desktop\Platform\Platform.Blazor\Services\Polls\PollsService.cs(37,20): warning CS8603: Possible null reference return. [C:\Users\Moi\Desktop\Platform\Platform.Blazor\Platform.Blazor.csproj]
C:\Users\Moi\Desktop\Platform\Platform.Blazor\Services\Employees\EmployeesService.cs(53,20): warning CS8603: Possible null reference return. [C:\Users\Moi\Desktop\Platform\Platform.Blazor\Platform.Blazor.csproj]
C:\Users\Moi\Desktop\Platform\Platform.Blazor\Services\Polls\PollsService.cs(56,20): warning CS8603: Possible null reference return. [C:\Users\Moi\Desktop\Platform\Platform.Blazor\Platform.Blazor.csproj]
C:\Users\Moi\Desktop\Platform\Platform.Blazor\Services\Events\EventsService.cs(54,20): warning CS8603: Possible null reference return. [C:\Users\Moi\Desktop\Platform\Platform.Blazor\Platform.Blazor.csproj]
C:\Users\Moi\Desktop\Platform\Platform.Blazor\Services\Hierarchies\HierarchiesService.cs(51,20): warning CS8603: Possible null reference return. [C:\Users\Moi\Desktop\Platform\Platform.Blazor\Platform.Blazor.csproj]
C:\Users\Moi\Desktop\Platform\Platform.Blazor\Services\Polls\PollsService.cs(61,20): warning CS8603: Possible null reference return. [C:\Users\Moi\Desktop\Platform\Platform.Blazor\Platform.Blazor.csproj]
C:\Users\Moi\Desktop\Platform\Platform.Blazor\Services\Events\EventsService.cs(62,20): warning CS8603: Possible null reference return. [C:\Users\Moi\Desktop\Platform\Platform.Blazor\Platform.Blazor.csproj]
C:\Users\Moi\Desktop\Platform\Platform.Blazor\Services\Hierarchies\HierarchiesService.cs(56,20): warning CS8603: Possible null reference return. [C:\Users\Moi\Desktop\Platform\Platform.Blazor\Platform.Blazor.csproj]
C:\Users\Moi\Desktop\Platform\Platform.Blazor\Services\Events\EventsService.cs(67,20): warning CS8603: Possible null reference return. [C:\Users\Moi\Desktop\Platform\Platform.Blazor\Platform.Blazor.csproj]
C:\Users\Moi\Desktop\Platform\Platform.Blazor\Services\Lookups\LookupsService.cs(21,20): warning CS8603: Possible null reference return. [C:\Users\Moi\Desktop\Platform\Platform.Blazor\Platform.Blazor.csproj]
C:\Users\Moi\Desktop\Platform\Platform.Blazor\Services\Hierarchies\HierarchiesService.cs(63,20): warning CS8603: Possible null reference return. [C:\Users\Moi\Desktop\Platform\Platform.Blazor\Platform.Blazor.csproj]
C:\Users\Moi\Desktop\Platform\Platform.Blazor\Services\Lookups\LookupsService.cs(28,20): warning CS8603: Possible null reference return. [C:\Users\Moi\Desktop\Platform\Platform.Blazor\Platform.Blazor.csproj]
C:\Users\Moi\Desktop\Platform\Platform.Blazor\Services\Events\EventsService.cs(74,20): warning CS8603: Possible null reference return. [C:\Users\Moi\Desktop\Platform\Platform.Blazor\Platform.Blazor.csproj]
C:\Users\Moi\Desktop\Platform\Platform.Blazor\Pages\Announcements\Components\AnnouncementDialog.razor(19,44): warning CS8618: Non-nullable property 'MudDialog' must contain a non-null value when exiting constructor. Consider adding the 'required' modifier or declaring the property as nullable. [C:\Users\Moi\Desktop\Platform\Platform.Blazor\Platform.Blazor.csproj]
C:\Users\Moi\Desktop\Platform\Platform.Blazor\Services\Lookups\LookupsService.cs(46,20): warning CS8603: Possible null reference return. [C:\Users\Moi\Desktop\Platform\Platform.Blazor\Platform.Blazor.csproj]
C:\Users\Moi\Desktop\Platform\Platform.Blazor\Services\Lookups\LookupsService.cs(53,20): warning CS8603: Possible null reference return. [C:\Users\Moi\Desktop\Platform\Platform.Blazor\Platform.Blazor.csproj]
C:\Users\Moi\Desktop\Platform\Platform.Blazor\Services\Lookups\LookupsService.cs(71,20): warning CS8603: Possible null reference return. [C:\Users\Moi\Desktop\Platform\Platform.Blazor\Platform.Blazor.csproj]
C:\Users\Moi\Desktop\Platform\Platform.Blazor\Services\Lookups\LookupsService.cs(78,20): warning CS8603: Possible null reference return. [C:\Users\Moi\Desktop\Platform\Platform.Blazor\Platform.Blazor.csproj]
C:\Users\Moi\Desktop\Platform\Platform.Blazor\Pages\Dashboard.razor(62,32): warning CS8618: Non-nullable field '_announcements' must contain a non-null value when exiting constructor. Consider adding the 'required' modifier or declaring the field as nullable. [C:\Users\Moi\Desktop\Platform\Platform.Blazor\Platform.Blazor.csproj]
C:\Users\Moi\Desktop\Platform\Platform.Blazor\Pages\Polls\Dialogs\PollResultsDialog.razor(20,37): warning CS8602: Dereference of a possibly null reference. [C:\Users\Moi\Desktop\Platform\Platform.Blazor\Platform.Blazor.csproj]
C:\Users\Moi\Desktop\Platform\Platform.Blazor\Pages\Announcements\Announcements.razor(74,14): warning CS8602: Dereference of a possibly null reference. [C:\Users\Moi\Desktop\Platform\Platform.Blazor\Platform.Blazor.csproj]
C:\Users\Moi\Desktop\Platform\Platform.Blazor\Pages\Announcements\Announcements.razor(87,14): warning CS8602: Dereference of a possibly null reference. [C:\Users\Moi\Desktop\Platform\Platform.Blazor\Platform.Blazor.csproj]
C:\Users\Moi\Desktop\Platform\Platform.Blazor\Pages\Announcements\Announcements.razor(60,36): warning CS8618: Non-nullable field '_table' must contain a non-null value when exiting constructor. Consider adding the 'required' modifier or declaring the field as nullable. [C:\Users\Moi\Desktop\Platform\Platform.Blazor\Platform.Blazor.csproj]
C:\Users\Moi\Desktop\Platform\Platform.Blazor\Pages\Polls\EmployeeVote.razor(47,57): warning CS8602: Dereference of a possibly null reference. [C:\Users\Moi\Desktop\Platform\Platform.Blazor\Platform.Blazor.csproj]
C:\Users\Moi\Desktop\Platform\Platform.Blazor\Pages\Leaves\LeaveApprovals.razor(37,25): warning CS8618: Non-nullable field 'PendingLeaves' must contain a non-null value when exiting constructor. Consider adding the 'required' modifier or declaring the field as nullable. [C:\Users\Moi\Desktop\Platform\Platform.Blazor\Platform.Blazor.csproj]
C:\Users\Moi\Desktop\Platform\Platform.Blazor\Pages\Hierarchies\Components\HierarchyLevelDialog.razor(42,65): warning CS8629: Nullable value type may be null. [C:\Users\Moi\Desktop\Platform\Platform.Blazor\Platform.Blazor.csproj]
C:\Users\Moi\Desktop\Platform\Platform.Blazor\Pages\Hierarchies\Components\HierarchyDialog.razor(63,77): warning CS8629: Nullable value type may be null. [C:\Users\Moi\Desktop\Platform\Platform.Blazor\Platform.Blazor.csproj]
C:\Users\Moi\Desktop\Platform\Platform.Blazor\Pages\Leaves\MyLeaves.razor(83,32): warning CS8618: Non-nullable field 'Balances' must contain a non-null value when exiting constructor. Consider adding the 'required' modifier or declaring the field as nullable. [C:\Users\Moi\Desktop\Platform\Platform.Blazor\Platform.Blazor.csproj]
C:\Users\Moi\Desktop\Platform\Platform.Blazor\Pages\Leaves\MyLeaves.razor(84,25): warning CS8618: Non-nullable field 'MyLeavesList' must contain a non-null value when exiting constructor. Consider adding the 'required' modifier or declaring the field as nullable. [C:\Users\Moi\Desktop\Platform\Platform.Blazor\Platform.Blazor.csproj]
C:\Users\Moi\Desktop\Platform\Platform.Blazor\Pages\Leaves\LeaveRequestDialog.razor(55,24): warning CS8625: Cannot convert null literal to non-nullable reference type. [C:\Users\Moi\Desktop\Platform\Platform.Blazor\Platform.Blazor.csproj]
C:\Users\Moi\Desktop\Platform\Platform.Blazor\Pages\Leaves\LeaveRequestDialog.razor(43,20): warning CS8618: Non-nullable field 'ErrorMessage' must contain a non-null value when exiting constructor. Consider adding the 'required' modifier or declaring the field as nullable. [C:\Users\Moi\Desktop\Platform\Platform.Blazor\Platform.Blazor.csproj]
C:\Users\Moi\Desktop\Platform\Platform.Blazor\Pages\Hierarchies\Components\HierarchyLevelDialog.razor(31,21): warning CS8618: Non-nullable field '_form' must contain a non-null value when exiting constructor. Consider adding the 'required' modifier or declaring the field as nullable. [C:\Users\Moi\Desktop\Platform\Platform.Blazor\Platform.Blazor.csproj]
C:\Users\Moi\Desktop\Platform\Platform.Blazor\Pages\Polls\EmployeeVote.razor(167,30): warning CS8629: Nullable value type may be null. [C:\Users\Moi\Desktop\Platform\Platform.Blazor\Platform.Blazor.csproj]
C:\Users\Moi\Desktop\Platform\Platform.Blazor\Pages\Hierarchies\Components\HierarchyDialog.razor(51,21): warning CS8618: Non-nullable field '_form' must contain a non-null value when exiting constructor. Consider adding the 'required' modifier or declaring the field as nullable. [C:\Users\Moi\Desktop\Platform\Platform.Blazor\Platform.Blazor.csproj]
C:\Users\Moi\Desktop\Platform\Platform.Blazor\Pages\HR\Employees\Employees.razor(75,13): warning CS0472: The result of the expression is always 'true' since a value of type 'int' is never equal to 'null' of type 'int?' [C:\Users\Moi\Desktop\Platform\Platform.Blazor\Platform.Blazor.csproj]
C:\Users\Moi\Desktop\Platform\Platform.Blazor\Pages\Polls\Dialogs\PollResultsDialog.razor(48,18): warning CS8618: Non-nullable field '_poll' must contain a non-null value when exiting constructor. Consider adding the 'required' modifier or declaring the field as nullable. [C:\Users\Moi\Desktop\Platform\Platform.Blazor\Platform.Blazor.csproj]
C:\Users\Moi\Desktop\Platform\Platform.Blazor\Pages\HR\Assets\Components\AssetDialog.razor(66,21): warning CS8618: Non-nullable field '_form' must contain a non-null value when exiting constructor. Consider adding the 'required' modifier or declaring the field as nullable. [C:\Users\Moi\Desktop\Platform\Platform.Blazor\Platform.Blazor.csproj]
C:\Users\Moi\Desktop\Platform\Platform.Blazor\Pages\Events\EventTypes.razor(67,21): warning CS8618: Non-nullable field '_form' must contain a non-null value when exiting constructor. Consider adding the 'required' modifier or declaring the field as nullable. [C:\Users\Moi\Desktop\Platform\Platform.Blazor\Platform.Blazor.csproj]
C:\Users\Moi\Desktop\Platform\Platform.Blazor\Pages\Polls\Dialogs\PollDialog.razor(57,65): warning CS8629: Nullable value type may be null. [C:\Users\Moi\Desktop\Platform\Platform.Blazor\Platform.Blazor.csproj]
C:\Users\Moi\Desktop\Platform\Platform.Blazor\Pages\Polls\Dialogs\PollDialog.razor(102,9): warning CS8602: Dereference of a possibly null reference. [C:\Users\Moi\Desktop\Platform\Platform.Blazor\Platform.Blazor.csproj]
C:\Users\Moi\Desktop\Platform\Platform.Blazor\Pages\Events\EventDialog.razor(54,44): warning CS8618: Non-nullable property 'MudDialog' must contain a non-null value when exiting constructor. Consider adding the 'required' modifier or declaring the property as nullable. [C:\Users\Moi\Desktop\Platform\Platform.Blazor\Platform.Blazor.csproj]
C:\Users\Moi\Desktop\Platform\Platform.Blazor\Pages\Events\EventDialog.razor(58,31): warning CS8618: Non-nullable property 'Title' must contain a non-null value when exiting constructor. Consider adding the 'required' modifier or declaring the property as nullable. [C:\Users\Moi\Desktop\Platform\Platform.Blazor\Platform.Blazor.csproj]
C:\Users\Moi\Desktop\Platform\Platform.Blazor\Pages\Events\EventDialog.razor(60,21): warning CS8618: Non-nullable field '_form' must contain a non-null value when exiting constructor. Consider adding the 'required' modifier or declaring the field as nullable. [C:\Users\Moi\Desktop\Platform\Platform.Blazor\Platform.Blazor.csproj]
C:\Users\Moi\Desktop\Platform\Platform.Blazor\Pages\Events\EventDialog.razor(62,23): warning CS8618: Non-nullable field '_dateRange' must contain a non-null value when exiting constructor. Consider adding the 'required' modifier or declaring the field as nullable. [C:\Users\Moi\Desktop\Platform\Platform.Blazor\Platform.Blazor.csproj]
C:\Users\Moi\Desktop\Platform\Platform.Blazor\Pages\Polls\Dialogs\PollDialog.razor(48,21): warning CS8618: Non-nullable field '_form' must contain a non-null value when exiting constructor. Consider adding the 'required' modifier or declaring the field as nullable. [C:\Users\Moi\Desktop\Platform\Platform.Blazor\Platform.Blazor.csproj]
C:\Users\Moi\Desktop\Platform\Platform.Blazor\Pages\HR\Documents\Components\DocumentDialog.razor(57,21): warning CS8618: Non-nullable field '_form' must contain a non-null value when exiting constructor. Consider adding the 'required' modifier or declaring the field as nullable. [C:\Users\Moi\Desktop\Platform\Platform.Blazor\Platform.Blazor.csproj]
C:\Users\Moi\Desktop\Platform\Platform.Blazor\Pages\Events\EventCalendar.razor(202,15): warning CS8602: Dereference of a possibly null reference. [C:\Users\Moi\Desktop\Platform\Platform.Blazor\Platform.Blazor.csproj]
C:\Users\Moi\Desktop\Platform\Platform.Blazor\Pages\Leaves\LeaveConfiguration.razor(97,20): warning CS8618: Non-nullable field 'NewTypeName' must contain a non-null value when exiting constructor. Consider adding the 'required' modifier or declaring the field as nullable. [C:\Users\Moi\Desktop\Platform\Platform.Blazor\Platform.Blazor.csproj]
C:\Users\Moi\Desktop\Platform\Platform.Blazor\Pages\Leaves\LeaveConfiguration.razor(99,20): warning CS8618: Non-nullable field 'NewStatusName' must contain a non-null value when exiting constructor. Consider adding the 'required' modifier or declaring the field as nullable. [C:\Users\Moi\Desktop\Platform\Platform.Blazor\Platform.Blazor.csproj]
C:\Users\Moi\Desktop\Platform\Platform.Blazor\Pages\Leaves\LeaveConfiguration.razor(102,23): warning CS8618: Non-nullable field '_typeBeforeEdit' must contain a non-null value when exiting constructor. Consider adding the 'required' modifier or declaring the field as nullable. [C:\Users\Moi\Desktop\Platform\Platform.Blazor\Platform.Blazor.csproj]
C:\Users\Moi\Desktop\Platform\Platform.Blazor\Pages\Leaves\LeaveConfiguration.razor(103,25): warning CS8618: Non-nullable field '_statusBeforeEdit' must contain a non-null value when exiting constructor. Consider adding the 'required' modifier or declaring the field as nullable. [C:\Users\Moi\Desktop\Platform\Platform.Blazor\Platform.Blazor.csproj]
C:\Users\Moi\Desktop\Platform\Platform.Blazor\Pages\Hierarchies\Hierarchies.razor(71,90): warning CS8602: Dereference of a possibly null reference. [C:\Users\Moi\Desktop\Platform\Platform.Blazor\Platform.Blazor.csproj]
C:\Users\Moi\Desktop\Platform\Platform.Blazor\Pages\HR\Employees\Components\EmployeeDialog.razor(72,21): warning CS8618: Non-nullable field '_form' must contain a non-null value when exiting constructor. Consider adding the 'required' modifier or declaring the field as nullable. [C:\Users\Moi\Desktop\Platform\Platform.Blazor\Platform.Blazor.csproj]
C:\Users\Moi\Desktop\Platform\Platform.Blazor\Pages\HR\Employees\Components\EmployeeDialog.razor(207,26): warning CS8618: Non-nullable property 'Type' must contain a non-null value when exiting constructor. Consider adding the 'required' modifier or declaring the property as nullable. [C:\Users\Moi\Desktop\Platform\Platform.Blazor\Platform.Blazor.csproj]
C:\Users\Moi\Desktop\Platform\Platform.Blazor\Pages\Hierarchies\Hierarchies.razor(372,9): warning CS4014: Because this call is not awaited, execution of the current method continues before the call is completed. Consider applying the 'await' operator to the result of the call. [C:\Users\Moi\Desktop\Platform\Platform.Blazor\Platform.Blazor.csproj]
C:\Users\Moi\Desktop\Platform\Platform.Blazor\Pages\Announcements\Components\AnnouncementDialog.razor(1,1): warning MUD0001: Illegal Parameter 'Checked' on 'MudCheckBox' using 'V7IgnoreCase' source location '(201,16)-(209,17)' (https://mudblazor.com/features/analyzers) [C:\Users\Moi\Desktop\Platform\Platform.Blazor\Platform.Blazor.csproj]
C:\Users\Moi\Desktop\Platform\Platform.Blazor\Pages\Announcements\Components\AnnouncementDialog.razor(1,1): warning MUD0002: Illegal Attribute 'CheckedChanged' on 'MudCheckBox' using pattern 'LowerCase' source location '(210,16)-(210,244)' (https://mudblazor.com/features/analyzers) [C:\Users\Moi\Desktop\Platform\Platform.Blazor\Platform.Blazor.csproj]
C:\Users\Moi\Desktop\Platform\Platform.Blazor\Pages\Hierarchies\Components\HierarchyChart.razor(1,1): warning MUD0002: Illegal Attribute 'Title' on 'MudIconButton' using pattern 'LowerCase' source location '(488,8)-(488,65)' (https://mudblazor.com/features/analyzers) [C:\Users\Moi\Desktop\Platform\Platform.Blazor\Platform.Blazor.csproj]
C:\Users\Moi\Desktop\Platform\Platform.Blazor\Pages\Hierarchies\Components\HierarchyChart.razor(1,1): warning MUD0002: Illegal Attribute 'Title' on 'MudIconButton' using pattern 'LowerCase' source location '(577,8)-(577,60)' (https://mudblazor.com/features/analyzers) [C:\Users\Moi\Desktop\Platform\Platform.Blazor\Platform.Blazor.csproj]
C:\Users\Moi\Desktop\Platform\Platform.Blazor\Pages\Hierarchies\Components\HierarchyChart.razor(1,1): warning MUD0002: Illegal Attribute 'Title' on 'MudIconButton' using pattern 'LowerCase' source location '(666,8)-(666,62)' (https://mudblazor.com/features/analyzers) [C:\Users\Moi\Desktop\Platform\Platform.Blazor\Platform.Blazor.csproj]
C:\Users\Moi\Desktop\Platform\Platform.Blazor\Pages\Polls\PollsManagement.razor(1,1): warning MUD0002: Illegal Attribute 'Title' on 'MudIconButton' using pattern 'LowerCase' source location '(842,20)-(850,21)' (https://mudblazor.com/features/analyzers) [C:\Users\Moi\Desktop\Platform\Platform.Blazor\Platform.Blazor.csproj]
C:\Users\Moi\Desktop\Platform\Platform.Blazor\Layout\MainLayout.razor(1,1): warning MUD0002: Illegal Attribute 'Edge' on 'MudMenu' using pattern 'LowerCase' source location '(597,20)-(597,76)' (https://mudblazor.com/features/analyzers) [C:\Users\Moi\Desktop\Platform\Platform.Blazor\Platform.Blazor.csproj]
C:\Users\Moi\Desktop\Platform\Platform.Blazor\Pages\Hierarchies\Hierarchies.razor(1,1): warning MUD0002: Illegal Attribute 'Title' on 'MudIconButton' using pattern 'LowerCase' source location '(635,20)-(635,74)' (https://mudblazor.com/features/analyzers) [C:\Users\Moi\Desktop\Platform\Platform.Blazor\Platform.Blazor.csproj]
C:\Users\Moi\Desktop\Platform\Platform.Blazor\Pages\Hierarchies\Hierarchies.razor(1,1): warning MUD0002: Illegal Attribute 'Title' on 'MudIconButton' using pattern 'LowerCase' source location '(548,20)-(556,21)' (https://mudblazor.com/features/analyzers) [C:\Users\Moi\Desktop\Platform\Platform.Blazor\Platform.Blazor.csproj]
C:\Users\Moi\Desktop\Platform\Platform.Blazor\Pages\Hierarchies\Hierarchies.razor(1,1): warning MUD0002: Illegal Attribute 'Title' on 'MudIconButton' using pattern 'LowerCase' source location '(1031,20)-(1039,21)' (https://mudblazor.com/features/analyzers) [C:\Users\Moi\Desktop\Platform\Platform.Blazor\Platform.Blazor.csproj]
C:\Users\Moi\Desktop\Platform\Platform.Blazor\Pages\Hierarchies\Hierarchies.razor(1,1): warning MUD0002: Illegal Attribute 'Title' on 'MudIconButton' using pattern 'LowerCase' source location '(1111,20)-(1119,21)' (https://mudblazor.com/features/analyzers) [C:\Users\Moi\Desktop\Platform\Platform.Blazor\Platform.Blazor.csproj]
C:\Users\Moi\Desktop\Platform\Platform.Blazor\Pages\Hierarchies\Components\HierarchyChart.razor(135,9): error CS1519: Invalid token 'return' in a member declaration [C:\Users\Moi\Desktop\Platform\Platform.Blazor\Platform.Blazor.csproj]
C:\Users\Moi\Desktop\Platform\Platform.Blazor\Pages\Hierarchies\Components\HierarchyChart.razor(101,30): error CS0103: The name 'GetNodeClass' does not exist in the current context [C:\Users\Moi\Desktop\Platform\Platform.Blazor\Platform.Blazor.csproj]
C:\Users\Moi\Desktop\Platform\Platform.Blazor\Pages\Hierarchies\Components\HierarchyChart.razor(102,42): error CS0103: The name 'GetLevelColorImpl' does not exist in the current context [C:\Users\Moi\Desktop\Platform\Platform.Blazor\Platform.Blazor.csproj]
    87 Warning(s)
    3 Error(s)

Time Elapsed 00:00:01.34

Workload updates are available. Run `dotnet workload list` for more information.
